Done processing Team06/Code06/source/AssignPatternEvaluator.cpp
Done processing Team06/Code06/source/AssignPatternEvaluator.h
Done processing Team06/Code06/source/CallsEvaluator.cpp
Done processing Team06/Code06/source/CallsEvaluator.h
Done processing Team06/Code06/source/CallsKB.cpp
Done processing Team06/Code06/source/CallsKB.h
Done processing Team06/Code06/source/CallsStarEvaluator.cpp
Done processing Team06/Code06/source/CallsStarEvaluator.h
Done processing Team06/Code06/source/Constants.h
Done processing Team06/Code06/source/ConstTable.cpp
Done processing Team06/Code06/source/ConstTable.h
Done processing Team06/Code06/source/DesignExtractor.cpp
Done processing Team06/Code06/source/DesignExtractor.h
Done processing Team06/Code06/source/FollowsEvaluator.cpp
Done processing Team06/Code06/source/FollowsEvaluator.h
Done processing Team06/Code06/source/FollowsKB.cpp
Done processing Team06/Code06/source/FollowsKB.h
Done processing Team06/Code06/source/FollowsStarEvaluator.cpp
Done processing Team06/Code06/source/FollowsStarEvaluator.h
Done processing Team06/Code06/source/FrontEnd.cpp
Done processing Team06/Code06/source/FrontEnd.h
Done processing Team06/Code06/source/IfPatternEvaluator.cpp
Done processing Team06/Code06/source/IfPatternEvaluator.h
Done processing Team06/Code06/source/LoggingUtils.cpp
Done processing Team06/Code06/source/LoggingUtils.h
Done processing Team06/Code06/source/ModifiesEvaluator.cpp
Done processing Team06/Code06/source/ModifiesEvaluator.h
Done processing Team06/Code06/source/ModifiesKB.cpp
Done processing Team06/Code06/source/ModifiesKB.h
Done processing Team06/Code06/source/ParentEvaluator.cpp
Done processing Team06/Code06/source/ParentEvaluator.h
Done processing Team06/Code06/source/ParentKB.cpp
Done processing Team06/Code06/source/ParentKB.h
Done processing Team06/Code06/source/ParentStarEvaluator.cpp
Done processing Team06/Code06/source/ParentStarEvaluator.h
Done processing Team06/Code06/source/Parser.cpp
Done processing Team06/Code06/source/Parser.h
Done processing Team06/Code06/source/PatternKB.cpp
Done processing Team06/Code06/source/PatternKB.h
Done processing Team06/Code06/source/PKB.cpp
Done processing Team06/Code06/source/PKB.h
Done processing Team06/Code06/source/PQL.cpp
Done processing Team06/Code06/source/PQL.h
Done processing Team06/Code06/source/PQLTypes.h
Done processing Team06/Code06/source/ProcTable.cpp
Done processing Team06/Code06/source/ProcTable.h
Done processing Team06/Code06/source/QueryEvaluator.cpp
Done processing Team06/Code06/source/QueryEvaluator.h
Done processing Team06/Code06/source/QueryParser.cpp
Done processing Team06/Code06/source/QueryParser.h
Done processing Team06/Code06/source/QueryProjector.cpp
Done processing Team06/Code06/source/QueryProjector.h
Done processing Team06/Code06/source/QueryUtils.cpp
Done processing Team06/Code06/source/QueryUtils.h
Done processing Team06/Code06/source/Simple.cpp
Done processing Team06/Code06/source/Simple.h
Done processing Team06/Code06/source/StmtListTable.cpp
Done processing Team06/Code06/source/StmtListTable.h
Done processing Team06/Code06/source/StmtTable.cpp
Done processing Team06/Code06/source/StmtTable.h
Done processing Team06/Code06/source/Types.h
Done processing Team06/Code06/source/TypeUtils.cpp
Done processing Team06/Code06/source/TypeUtils.h
Done processing Team06/Code06/source/UsesEvaluator.cpp
Done processing Team06/Code06/source/UsesEvaluator.h
Done processing Team06/Code06/source/UsesKB.cpp
Done processing Team06/Code06/source/UsesKB.h
Done processing Team06/Code06/source/VarTable.cpp
Done processing Team06/Code06/source/VarTable.h
Done processing Team06/Code06/source/WhilePatternEvaluator.cpp
Done processing Team06/Code06/source/WhilePatternEvaluator.h
Skipping input '2': Can't open for reading
